| DisallowedPasswordPackageTest.go:11:2:11:29 | call to New | Detected New from golang.org/x/crypto/hkdf |
| DisallowedPasswordPackageTest.go:14:2:14:29 | call to New | Detected New from golang.org/x/crypto/hkdf |
