| ApprovedPasswordCalleeTest.go:13:2:13:17 | call to Bcrypt | Detected Bcrypt from test/ApprovedPasswordCallee |
| ApprovedPasswordCalleeTest.go:16:2:16:17 | call to Bcrypt | Detected Bcrypt from test/ApprovedPasswordCallee |
