| ApprovedPasswordPackageTest.go:11:2:11:36 | call to GenerateFromPassword | Detected GenerateFromPassword from golang.org/x/crypto/bcrypt |
| ApprovedPasswordPackageTest.go:14:2:14:36 | call to GenerateFromPassword | Detected GenerateFromPassword from golang.org/x/crypto/bcrypt |
