| DisallowedEncryptionCalleeTest.go:13:2:13:14 | call to Des | Detected Des from test/DisallowedEncryptionCallee |
| DisallowedEncryptionCalleeTest.go:16:2:16:14 | call to Des | Detected Des from test/DisallowedEncryptionCallee |
