| DisallowedHashCalleeTest.go:13:2:13:14 | call to Md5 | Detected Md5 from test/DisallowedHashCallee |
| DisallowedHashCalleeTest.go:16:2:16:14 | call to Md5 | Detected Md5 from test/DisallowedHashCallee |
