| ApprovedEncryptionAttrTest.py:12:1:12:73 | Attribute() | Found a usage of method AES |
| ApprovedEncryptionAttrTest.py:13:1:13:16 | Attribute() | Found a usage of method rsa |
| ApprovedEncryptionAttrTest.py:14:8:14:27 | Attribute() | Found a usage of method rsa |
