| MiscFlagsCalleeTest.go:13:2:13:14 | call to Tls | Detected Tls from test/MiscFlagsCallee |
| MiscFlagsCalleeTest.go:16:5:16:17 | call to Tls | Detected Tls from test/MiscFlagsCallee |
