| ApprovedHashingTest.py:3:1:3:22 | ControlFlowNode for Attribute() | Pointing out usage of SHA256 |
