| ApprovedHashExprTest.go:9:15:9:20 | SHA256 | Detected SHA256 from ApprovedHashExpr/ApprovedHashExprTest.go |
| ApprovedHashExprTest.go:12:15:12:20 | SHA256 | Detected SHA256 from ApprovedHashExpr/ApprovedHashExprTest.go |
