| ../go.mod:6:2:6:41 | go.mod require line | github.com/Luzifer/go-openssl/v4 version v4.1.0 |
| ../go.mod:11:2:11:56 | go.mod require line | golang.org/x/crypto version v0.0.0-20211117183948-ae814b36b871 |
