| ApprovedEncryptionClassTest.py:2:1:2:10 | Class rsa | Found declaration of class rsa |
| ApprovedEncryptionClassTest.py:7:1:7:20 | Class stuffrsastuff | Found declaration of class stuffrsastuff |
