| ApprovedHashingFuncTest.py:7:9:7:16 | sha256() | Found a usage of sha256 |
| ApprovedHashingFuncTest.py:8:1:8:8 | sha256() | Found a usage of sha256 |
