| DisallowedPasswordCalleeTest.go:13:2:13:15 | call to Hkdf | Detected Hkdf from test/DisallowedPasswordCallee |
| DisallowedPasswordCalleeTest.go:16:2:16:15 | call to Hkdf | Detected Hkdf from test/DisallowedPasswordCallee |
