| ApprovedHashingAttrTest.py:8:1:8:16 | Attribute() | Found a usage of method sha256 |
| ApprovedHashingAttrTest.py:9:1:9:19 | Attribute() | Found a usage of method sha256 |
| ApprovedHashingAttrTest.py:10:9:10:31 | Attribute() | Found a usage of method sha256 |
